....................................................................................................
....................................................................................................
....................................................................................................
....................................................................................................
....................................................................................................
....................................................................................................
....................................................................................................
..............xxx...................................................................................
.............xxxxx..................................................................................
..............xxx...................................................................................
................................................xx..................................................
..............................................xxxxxx................................................
.............................................xxxxxxxx...............................................
..............................................xxxxxxx.xx............................................
................................................xxxxxxxxx...........................................
.................................................xxxxxxx............................................
....................................................................................................
....................................................................................................
....................................................................................................
....................................................................................................
....................................................................................................
....................................................................................................
...........................................................xxx......................................
.........................................................xxxxxx....xxxxxx....x......................
........................................................xxxxxxxxxxxxxxxxxxxxxxx.....................
...........................................................xxxxxxxxxxxxxxxxx........................
...............................................................xxxxxxxxx............................
....................................................................................................
....................................................................................................
....................................................................................................
....................................................................................................
....................................................................................................
....................................................................................................
....................................................................................................
....................................................................................................
....................................................................................................
................xxxxxxxxxxxx..xxxxxxxxxxx...........................................................
..............xxxxxxxxxxxxxxxxxxxxxxxxxxxx..........................................................
.............xxxxxxxxxxxxxxxxxxxxxxxxxxxxxx.........................................................
............xxxxxxxxxxxxxxxxxxxxxxxxxxxxxxx.........................................................
............xxxxxxxxxxxxxxxxxxxxxxxxxxxxxxx.........................................................
.............xxxxxxxxxxxxxxxxxxxxxxxxxxxx...........................................................
..............xxxxxxxxxxxxxxxxxxxxxxxxxxx...........................................................
...............xxxxxxxxxxxxxxxxxxxxxxxxx............................................................
.................xxxxxxxxxxxxxxxxxxxxx..............................................................
.....................xxxxxxxx....xxx................................................................
.......................xxxx.......x.................................................................
....................................................................................................
....................................................................................................
....................................................................................................
....................................................................................................
....................................................................................................
....................................................................................................
....................................................................................................
....................................................................................................
....................................................................................................
....................................................................................................
....................................................................................................
....................................................................................................
....................................................................................................
....................................................................................................
....................................................................................................
....................................................................................................
....................................................................................................
....................................................................................................
....................................................................................................
....................................................................................................
....................................................................................................
....................................................................................................
....................................................................................................
....................................................................................................
....................................................................................................
....................................................................................................
....................................................................................................
....................................................................................................
....................................................................................................
....................................................................................................
....................................................................................................
....................................................................................................
....................................................................................................
