100 100
....................................................................................................
....................................................................................................
....................................................................................................
....................................................................................................
....................................................................................................
....................................................................................................
.........xxx........................................................................................
........xxxxx.......................................................................................
.........xxx........................................................................................
.............................................xx.....................................................
...........................................xxxxxx...................................................
..........................................xxxxxxxx..................................................
..........................................xxxxxxxx..................................................
...........................................xxxxx.xx.................................................
............................................xxxxxxxx................................................
.............................................xxxxxx.................................................
....................................................................................................
....................................................................................................
....................................................................................................
....................................................................................................
....................................................................................................
.......................................................xxx..........................................
.....................................................xxxxxx....xxxxx..x.............................
...................................................xxxxxxxxxxxxxxxxxxxxx............................
.....................................................xxxxxxxxxxxxxxxxx..............................
........................................................xxxxxxxxxxx.................................
....................................................................................................
....................................................................................................
....................................................................................................
....................................................................................................
....................................................................................................
....................................................................................................
....................................................................................................
....................................................................................................
....................................................................................................
....................................................................................................
...........................xxxxxxx..................................................................
...........................xxxxxxx..................................................................
...........................xxxxxxx..................................................................
...........................xxxxxxx..................................................................
............................xxxxx...................................................................
.............................xxxx...................................................................
....................................................................................................
....................................................................................................
....................................................................................................
....................................................................................................
....................................................................................................
....................................................................................................
....................................................................................................
....................................................................................................
....................................................................................................
....................................................................................................
...............................................xxxxxxxxxxxx..xxxxxxxxxx.............................
..............................................xxxxxxxxxxxxxxxxxxxxxxxxxxx...........................
.............................................xxxxxxxxxxxxxxxxxxxxxxxxxxxxxx.........................
............................................xxxxxxxxxxxxxxxxxxxxxxxxxxxxxxxxx.......................
............................................xxxxxxxxxxxxxxxxxxxxxxxxxxxxxxxxx.......................
...........................................xxxxxxxxxxxxxxxxxxxxxxxxxxxxxxxxx........................
...........................................xxxxxxxxxxxxxxxxxx....xxxxxxxxxx.........................
...........................................xxxxxxxxxxxx...........xxxxxxxxx.........................
...........................................xxxxxxxxxxx..............................................
..........................................xxxxxxxxxxxx..........xxxxxxxxxxxx........................
..........................................xxxxxxxxxxxxxxxxxx....xxxxxxxxxxxx........................
..........................................xxxxxxxxxxxxxxxxxxxxxxxxxxxxxxxxxxx.......................
..........................................xxxxxxxxxxxxxxxxxxxxxxxxxxxxxxxxxxx.......................
...........................................xxxxxxxxxxxxxxxxxxxxxxxxxxxxxxxxx........................
.............................................xxxxxxxxxxxxxxxxxxxxxxxxxxxxxx.........................
...............................................xxxxxxxxxxxxxxxxxxxxxxxxxxx..........................
................................................xxxxxxxxxxxxxxxxxxxxxxxxx...........................
...................................................xxxxxxxxxxxxxxxxxxx..............................
.....................................................xxxxxxxxxxxxxxx................................
......................................................xxxxxxxxxxxxx.................................
........................................................xxxxxxxx....................................
..........................................................xxxxx.....................................
...........................................................xxxx.....................................
....................................................................................................
....................................................................................................
....................................................................................................
....................................................................................................
....................................................................................................
....................................................................................................
....................................................................................................
....................................................................................................
....................................................................................................
....................................................................................................
....................................................................................................
....................................................................................................
....................................................................................................
....................................................................................................
....................................................................................................
....................................................................................................
....................................................................................................
....................................................................................................
....................................................................................................
....................................................................................................
....................................................................................................
....................................................................................................
....................................................................................................
....................................................................................................
....................................................................................................
